---
source: crates/llm/src/golden_tests.rs
description: src/tests/requests/messages/unknown_content.json
info:
  model: gpt-5.6-luna
  max_tokens: 64
  messages:
    - role: user
      content:
        - type: future_block
          data: unrecognized
        - type: text
          text: hello
---
{
  "error": "unsupported conversion: messages user content block cannot be represented by responses",
  "parsed": {
    "input_format": "Messages",
    "cache_convention": "InputIncludesCache",
    "request_model": "gpt-5.6-luna",
    "provider": "responses",
    "streaming": false,
    "params": {
      "max_tokens": 64
    },
    "prompt": [
      {
        "role": "user",
        "content": "hello"
      }
    ]
  }
}
